DEBUG:urllib3.connectionpool:Starting new HTTP connection (1): 127.0.0.1:8000
DEBUG:urllib3.connectionpool:Starting new HTTP connection (1): 127.0.0.1:8000
DEBUG:urllib3.connectionpool:Starting new HTTP connection (1): 127.0.0.1:8000
DEBUG:asyncio:Using selector: EpollSelector
DEBUG:urllib3.connectionpool:Starting new HTTP connection (1): 127.0.0.1:8000
INFO:mycode.logger:POST /register Completado em 0.0134s
DEBUG:urllib3.connectionpool:http://127.0.0.1:8000 "POST /register HTTP/1.1" 201 48
DEBUG:urllib3.connectionpool:Starting new HTTP connection (1): 127.0.0.1:8000
INFO:mycode.logger:POST /login Completado em 0.1022s
DEBUG:urllib3.connectionpool:http://127.0.0.1:8000 "POST /login HTTP/1.1" 401 37
DEBUG:asyncio:Using selector: EpollSelector
DEBUG:urllib3.connectionpool:Starting new HTTP connection (1): 127.0.0.1:8000
INFO:mycode.logger:POST /login Completado em 0.0988s
DEBUG:urllib3.connectionpool:http://127.0.0.1:8000 "POST /login HTTP/1.1" 401 37
DEBUG:asyncio:Using selector: EpollSelector
INFO:mycode.logger:POST /register Completado em 0.0860s
INFO:httpx:HTTP Request: POST http://testserver/register "HTTP/1.1 201 Created"
DEBUG:asyncio:Using selector: EpollSelector
INFO:mycode.logger:POST /login Completado em 0.0842s
INFO:httpx:HTTP Request: POST http://testserver/login "HTTP/1.1 401 Unauthorized"
DEBUG:asyncio:Using selector: EpollSelector
INFO:mycode.logger:POST /login falhou com 
INFO:mycode.logger:POST /login Completado em 0.0850s
INFO:httpx:HTTP Request: POST http://testserver/login "HTTP/1.1 500 Internal Server Error"
DEBUG:asyncio:Using selector: EpollSelector
DEBUG:urllib3.connectionpool:Starting new HTTP connection (1): 127.0.0.1:8000
INFO:mycode.logger:POST /register Completado em 0.1139s
DEBUG:urllib3.connectionpool:http://127.0.0.1:8000 "POST /register HTTP/1.1" 201 48
DEBUG:urllib3.connectionpool:Starting new HTTP connection (1): 127.0.0.1:8000
INFO:mycode.logger:POST /login Completado em 0.1049s
DEBUG:urllib3.connectionpool:http://127.0.0.1:8000 "POST /login HTTP/1.1" 200 48
INFO:mycode.logger:GET /health Completado em 0.0013s
INFO:mycode.logger:GET /v1/models Completado em 0.0005s
DEBUG:urllib3.connectionpool:Starting new HTTP connection (1): 127.0.0.1:8000
INFO:mycode.logger:POST /login falhou com 
INFO:mycode.logger:POST /login Completado em 0.0963s
DEBUG:urllib3.connectionpool:http://127.0.0.1:8000 "POST /login HTTP/1.1" 500 21
DEBUG:asyncio:Using selector: EpollSelector
INFO:mycode.logger:POST /register Completado em 0.0852s
INFO:httpx:HTTP Request: POST http://testserver/register "HTTP/1.1 201 Created"
DEBUG:asyncio:Using selector: EpollSelector
INFO:mycode.logger:POST /login Completado em 0.0856s
INFO:httpx:HTTP Request: POST http://testserver/login "HTTP/1.1 200 OK"
DEBUG:asyncio:Using selector: EpollSelector
INFO:mycode.logger:POST /login Completado em 0.0851s
INFO:httpx:HTTP Request: POST http://testserver/login "HTTP/1.1 200 OK"
DEBUG:asyncio:Using selector: EpollSelector
INFO:mycode.logger:POST /login falhou com 
INFO:mycode.logger:POST /login Completado em 0.0835s
INFO:httpx:HTTP Request: POST http://testserver/login "HTTP/1.1 500 Internal Server Error"
DEBUG:asyncio:Using selector: EpollSelector
INFO:mycode.logger:POST /login falhou com 
INFO:mycode.logger:POST /login Completado em 0.0832s
INFO:httpx:HTTP Request: POST http://testserver/login "HTTP/1.1 500 Internal Server Error"
DEBUG:asyncio:Using selector: EpollSelector
INFO:mycode.logger:POST /login Completado em 0.0028s
INFO:httpx:HTTP Request: POST http://testserver/login "HTTP/1.1 401 Unauthorized"
DEBUG:asyncio:Using selector: EpollSelector
INFO:mycode.logger:POST /login Completado em 0.0033s
INFO:httpx:HTTP Request: POST http://testserver/login "HTTP/1.1 401 Unauthorized"
DEBUG:asyncio:Using selector: EpollSelector
INFO:mycode.logger:POST /register Completado em 0.0854s
INFO:httpx:HTTP Request: POST http://testserver/register "HTTP/1.1 201 Created"
DEBUG:asyncio:Using selector: EpollSelector
INFO:mycode.logger:POST /login Completado em 0.0826s
INFO:httpx:HTTP Request: POST http://testserver/login "HTTP/1.1 200 OK"
DEBUG:asyncio:Using selector: EpollSelector
INFO:mycode.logger:POST /login falhou com 
INFO:mycode.logger:POST /login Completado em 0.0832s
INFO:httpx:HTTP Request: POST http://testserver/login "HTTP/1.1 500 Internal Server Error"
DEBUG:asyncio:Using selector: EpollSelector
INFO:mycode.logger:POST /login Completado em 0.0026s
INFO:httpx:HTTP Request: POST http://testserver/login "HTTP/1.1 401 Unauthorized"
DEBUG:asyncio:Using selector: EpollSelector
INFO:mycode.logger:POST /register Completado em 0.0826s
INFO:httpx:HTTP Request: POST http://testserver/register "HTTP/1.1 201 Created"
